// Jest Snapshot v1, https://goo.gl/fbAQLP

exports[`Testing Footer component should create a snapshot 1`] = `
<DocumentFragment>
  <div
    class="sc-bdnylx cfFKSt"
  >
    <img
      alt=""
      class="sc-gtssRu dvgkYR"
      src="noun_Superhero_2227044@3x.77c63509.png"
    />
    <span
      class="sc-dlnjPT hhwbcD"
    >
      Ordernar por nome - A/Z
    </span>
  </div>
</DocumentFragment>
`;
